mode: set
music-room/internal/service/auth_service.go:33.103,35.2 1 1
music-room/internal/service/auth_service.go:37.49,39.16 2 1
music-room/internal/service/auth_service.go:39.16,41.3 1 1
music-room/internal/service/auth_service.go:42.2,43.59 2 1
music-room/internal/service/auth_service.go:43.59,45.3 1 0
music-room/internal/service/auth_service.go:46.2,46.24 1 1
music-room/internal/service/auth_service.go:49.83,51.16 2 1
music-room/internal/service/auth_service.go:51.16,53.3 1 1
music-room/internal/service/auth_service.go:54.2,54.23 1 1
music-room/internal/service/auth_service.go:54.23,56.3 1 1
music-room/internal/service/auth_service.go:58.2,59.16 2 1
music-room/internal/service/auth_service.go:59.16,61.3 1 0
music-room/internal/service/auth_service.go:63.2,65.16 3 1
music-room/internal/service/auth_service.go:65.16,67.54 2 1
music-room/internal/service/auth_service.go:67.54,69.4 1 1
music-room/internal/service/auth_service.go:70.3,70.44 1 0
music-room/internal/service/auth_service.go:73.2,75.92 3 1
music-room/internal/service/auth_service.go:75.92,77.3 1 0
music-room/internal/service/auth_service.go:79.2,79.12 1 1
music-room/internal/service/auth_service.go:82.79,84.16 2 1
music-room/internal/service/auth_service.go:84.16,86.3 1 1
music-room/internal/service/auth_service.go:88.2,89.16 2 1
music-room/internal/service/auth_service.go:89.16,90.36 1 1
music-room/internal/service/auth_service.go:90.36,92.4 1 1
music-room/internal/service/auth_service.go:93.3,93.45 1 0
music-room/internal/service/auth_service.go:96.2,96.55 1 1
music-room/internal/service/auth_service.go:96.55,98.3 1 0
music-room/internal/service/auth_service.go:100.2,100.12 1 1
music-room/internal/service/auth_service.go:103.83,105.16 2 1
music-room/internal/service/auth_service.go:105.16,107.3 1 1
music-room/internal/service/auth_service.go:109.2,110.16 2 1
music-room/internal/service/auth_service.go:110.16,111.36 1 1
music-room/internal/service/auth_service.go:111.36,113.4 1 1
music-room/internal/service/auth_service.go:114.3,114.41 1 0
music-room/internal/service/auth_service.go:117.2,117.21 1 1
music-room/internal/service/auth_service.go:117.21,119.3 1 1
music-room/internal/service/auth_service.go:121.2,121.77 1 1
music-room/internal/service/auth_service.go:121.77,123.3 1 0
music-room/internal/service/auth_service.go:125.2,126.76 2 1
music-room/internal/service/auth_service.go:126.76,128.3 1 0
music-room/internal/service/auth_service.go:130.2,132.92 3 1
music-room/internal/service/auth_service.go:132.92,134.3 1 0
music-room/internal/service/auth_service.go:136.2,136.12 1 1
music-room/internal/service/auth_service.go:139.79,141.16 2 1
music-room/internal/service/auth_service.go:141.16,143.3 1 1
music-room/internal/service/auth_service.go:145.2,146.16 2 1
music-room/internal/service/auth_service.go:146.16,147.36 1 1
music-room/internal/service/auth_service.go:147.36,149.4 1 1
music-room/internal/service/auth_service.go:150.3,150.41 1 0
music-room/internal/service/auth_service.go:153.2,155.88 3 1
music-room/internal/service/auth_service.go:155.88,157.3 1 0
music-room/internal/service/auth_service.go:159.2,161.92 3 1
music-room/internal/service/auth_service.go:161.92,163.3 1 0
music-room/internal/service/auth_service.go:165.2,165.12 1 1
music-room/internal/service/auth_service.go:168.94,169.26 1 1
music-room/internal/service/auth_service.go:169.26,171.3 1 1
music-room/internal/service/auth_service.go:173.2,174.16 2 1
music-room/internal/service/auth_service.go:174.16,176.3 1 1
music-room/internal/service/auth_service.go:178.2,179.16 2 1
music-room/internal/service/auth_service.go:179.16,180.36 1 1
music-room/internal/service/auth_service.go:180.36,182.4 1 1
music-room/internal/service/auth_service.go:183.3,183.48 1 0
music-room/internal/service/auth_service.go:186.2,186.35 1 1
music-room/internal/service/auth_service.go:186.35,188.3 1 1
music-room/internal/service/auth_service.go:189.2,189.21 1 1
music-room/internal/service/auth_service.go:189.21,191.3 1 1
music-room/internal/service/auth_service.go:193.2,194.16 2 1
music-room/internal/service/auth_service.go:194.16,196.3 1 0
music-room/internal/service/auth_service.go:198.2,198.80 1 1
music-room/internal/service/auth_service.go:198.80,200.3 1 0
music-room/internal/service/auth_service.go:202.2,202.12 1 1
music-room/internal/service/delegation.go:31.128,33.2 1 1
music-room/internal/service/delegation.go:35.101,36.72 1 1
music-room/internal/service/delegation.go:36.72,37.36 1 1
music-room/internal/service/delegation.go:37.36,39.4 1 1
music-room/internal/service/delegation.go:40.3,40.13 1 0
music-room/internal/service/delegation.go:43.2,44.16 2 1
music-room/internal/service/delegation.go:44.16,46.3 1 0
music-room/internal/service/delegation.go:47.2,47.15 1 1
music-room/internal/service/delegation.go:47.15,49.3 1 1
music-room/internal/service/delegation.go:51.2,51.60 1 1
music-room/internal/service/delegation.go:54.92,55.72 1 1
music-room/internal/service/delegation.go:55.72,56.36 1 1
music-room/internal/service/delegation.go:56.36,58.4 1 1
music-room/internal/service/delegation.go:59.3,59.13 1 0
music-room/internal/service/delegation.go:62.2,62.51 1 1
music-room/internal/service/delegation.go:65.107,67.2 1 1
music-room/internal/service/delegation.go:69.119,71.2 1 1
music-room/internal/service/device.go:30.71,32.2 1 1
music-room/internal/service/device.go:34.127,36.16 2 1
music-room/internal/service/device.go:36.16,37.31 1 1
music-room/internal/service/device.go:37.31,39.4 1 1
music-room/internal/service/device.go:40.3,40.18 1 0
music-room/internal/service/device.go:42.2,42.20 1 1
music-room/internal/service/device.go:45.105,47.2 1 1
music-room/internal/service/device.go:49.101,51.16 2 1
music-room/internal/service/device.go:51.16,52.36 1 1
music-room/internal/service/device.go:52.36,54.4 1 1
music-room/internal/service/device.go:55.3,55.18 1 0
music-room/internal/service/device.go:57.2,57.20 1 1
music-room/internal/service/device.go:60.87,62.16 2 1
music-room/internal/service/device.go:62.16,64.3 1 0
music-room/internal/service/device.go:65.2,65.14 1 1
music-room/internal/service/device.go:65.14,67.3 1 1
music-room/internal/service/device.go:68.2,68.12 1 1
music-room/internal/service/email_service.go:20.77,22.2 1 0
music-room/internal/service/email_service.go:24.61,35.38 4 0
music-room/internal/service/email_service.go:35.38,37.3 1 0
music-room/internal/service/email_service.go:39.2,39.61 1 0
music-room/internal/service/event.go:37.68,39.2 1 1
music-room/internal/service/event.go:41.123,42.111 1 1
music-room/internal/service/event.go:42.111,44.3 1 1
music-room/internal/service/event.go:45.2,45.41 1 1
music-room/internal/service/event.go:48.118,50.2 1 1
music-room/internal/service/event.go:52.100,54.16 2 1
music-room/internal/service/event.go:54.16,55.36 1 1
music-room/internal/service/event.go:55.36,57.4 1 1
music-room/internal/service/event.go:58.3,58.18 1 0
music-room/internal/service/event.go:60.2,60.15 1 1
music-room/internal/service/event.go:63.133,65.16 2 1
music-room/internal/service/event.go:65.16,66.36 1 1
music-room/internal/service/event.go:66.36,68.4 1 1
music-room/internal/service/event.go:69.3,69.18 1 0
music-room/internal/service/event.go:71.2,71.24 1 1
music-room/internal/service/event.go:71.24,72.113 1 1
music-room/internal/service/event.go:72.113,74.4 1 1
music-room/internal/service/event.go:76.2,76.41 1 1
music-room/internal/service/event.go:79.87,81.16 2 1
music-room/internal/service/event.go:81.16,82.36 1 1
music-room/internal/service/event.go:82.36,84.4 1 1
music-room/internal/service/event.go:85.3,85.13 1 0
music-room/internal/service/event.go:87.2,87.36 1 1
music-room/internal/service/event.go:90.101,92.16 2 1
music-room/internal/service/event.go:92.16,93.36 1 1
music-room/internal/service/event.go:93.36,95.4 1 1
music-room/internal/service/event.go:96.3,96.13 1 0
music-room/internal/service/event.go:98.2,98.69 1 1
music-room/internal/service/event.go:98.69,99.27 1 1
music-room/internal/service/event.go:99.27,101.4 1 1
music-room/internal/service/event.go:102.3,102.31 1 0
music-room/internal/service/event.go:102.31,104.4 1 0
music-room/internal/service/event.go:105.3,105.13 1 0
music-room/internal/service/event.go:107.2,107.12 1 1
music-room/internal/service/event.go:110.99,111.18 1 1
music-room/internal/service/event.go:111.18,112.86 1 1
music-room/internal/service/event.go:112.86,114.4 1 1
music-room/internal/service/event.go:116.2,116.12 1 1
music-room/internal/service/event.go:119.38,122.2 2 1
music-room/internal/service/friend.go:38.71,40.2 1 1
music-room/internal/service/friend.go:42.121,43.32 1 1
music-room/internal/service/friend.go:43.32,45.3 1 1
music-room/internal/service/friend.go:47.2,48.50 2 1
music-room/internal/service/friend.go:48.50,50.3 1 1
music-room/internal/service/friend.go:51.2,51.21 1 1
music-room/internal/service/friend.go:51.21,53.3 1 1
music-room/internal/service/friend.go:55.2,55.53 1 1
music-room/internal/service/friend.go:58.100,60.16 2 1
music-room/internal/service/friend.go:60.16,61.36 1 1
music-room/internal/service/friend.go:61.36,63.4 1 1
music-room/internal/service/friend.go:64.3,64.13 1 0
music-room/internal/service/friend.go:67.2,67.31 1 1
music-room/internal/service/friend.go:67.31,69.3 1 1
music-room/internal/service/friend.go:70.2,70.27 1 1
music-room/internal/service/friend.go:70.27,72.3 1 1
music-room/internal/service/friend.go:74.2,74.41 1 1
music-room/internal/service/friend.go:77.100,79.16 2 1
music-room/internal/service/friend.go:79.16,80.36 1 1
music-room/internal/service/friend.go:80.36,82.4 1 1
music-room/internal/service/friend.go:83.3,83.13 1 0
music-room/internal/service/friend.go:86.2,86.31 1 1
music-room/internal/service/friend.go:86.31,88.3 1 1
music-room/internal/service/friend.go:89.2,89.27 1 1
music-room/internal/service/friend.go:89.27,91.3 1 1
music-room/internal/service/friend.go:93.2,93.41 1 1
music-room/internal/service/friend.go:96.95,98.16 2 1
music-room/internal/service/friend.go:98.16,99.36 1 1
music-room/internal/service/friend.go:99.36,101.4 1 1
music-room/internal/service/friend.go:102.3,102.13 1 0
music-room/internal/service/friend.go:105.2,105.60 1 1
music-room/internal/service/friend.go:105.60,107.3 1 1
music-room/internal/service/friend.go:111.2,111.56 1 1
music-room/internal/service/friend.go:111.56,113.3 1 1
music-room/internal/service/friend.go:114.2,114.53 1 1
music-room/internal/service/friend.go:114.53,116.3 1 0
music-room/internal/service/friend.go:118.2,118.41 1 1
music-room/internal/service/friend.go:121.105,123.2 1 1
music-room/internal/service/friend.go:125.114,127.2 1 1
music-room/internal/service/friend.go:129.114,131.2 1 1
music-room/internal/service/music_service.go:26.37,32.2 1 0
music-room/internal/service/music_service.go:70.104,76.16 3 0
music-room/internal/service/music_service.go:76.16,78.3 1 0
music-room/internal/service/music_service.go:81.2,82.16 2 0
music-room/internal/service/music_service.go:82.16,84.3 1 0
music-room/internal/service/music_service.go:85.2,87.38 2 0
music-room/internal/service/music_service.go:87.38,89.3 1 0
music-room/internal/service/music_service.go:92.2,93.68 2 0
music-room/internal/service/music_service.go:93.68,95.3 1 0
music-room/internal/service/music_service.go:98.2,98.26 1 0
music-room/internal/service/music_service.go:98.26,100.3 1 0
music-room/internal/service/music_service.go:103.2,104.37 2 0
music-room/internal/service/music_service.go:104.37,113.3 1 0
music-room/internal/service/music_service.go:115.2,115.21 1 0
music-room/internal/service/music_service.go:121.96,125.16 3 0
music-room/internal/service/music_service.go:125.16,127.3 1 0
music-room/internal/service/music_service.go:129.2,130.16 2 0
music-room/internal/service/music_service.go:130.16,132.3 1 0
music-room/internal/service/music_service.go:133.2,135.38 2 0
music-room/internal/service/music_service.go:135.38,137.3 1 0
music-room/internal/service/music_service.go:139.2,140.68 2 0
music-room/internal/service/music_service.go:140.68,142.3 1 0
music-room/internal/service/music_service.go:145.2,145.26 1 0
music-room/internal/service/music_service.go:145.26,147.3 1 0
music-room/internal/service/music_service.go:149.2,156.8 1 0
music-room/internal/service/playlist.go:38.77,40.2 1 1
music-room/internal/service/playlist.go:42.132,44.2 1 1
music-room/internal/service/playlist.go:46.127,48.2 1 1
music-room/internal/service/playlist.go:50.119,52.16 2 1
music-room/internal/service/playlist.go:52.16,53.36 1 1
music-room/internal/service/playlist.go:53.36,55.4 1 1
music-room/internal/service/playlist.go:56.3,56.18 1 0
music-room/internal/service/playlist.go:59.2,60.16 2 1
music-room/internal/service/playlist.go:60.16,62.3 1 0
music-room/internal/service/playlist.go:63.2,63.19 1 1
music-room/internal/service/playlist.go:63.19,65.3 1 1
music-room/internal/service/playlist.go:70.2,71.14 2 1
music-room/internal/service/playlist.go:71.14,73.17 2 1
music-room/internal/service/playlist.go:73.17,75.4 1 0
music-room/internal/service/playlist.go:76.3,76.20 1 1
music-room/internal/service/playlist.go:79.2,79.87 1 1
music-room/internal/service/playlist.go:85.145,86.69 1 1
music-room/internal/service/playlist.go:86.69,88.3 1 1
music-room/internal/service/playlist.go:89.2,89.44 1 1
music-room/internal/service/playlist.go:92.93,93.69 1 1
music-room/internal/service/playlist.go:93.69,95.3 1 1
music-room/internal/service/playlist.go:96.2,96.39 1 1
music-room/internal/service/playlist.go:99.107,100.69 1 1
music-room/internal/service/playlist.go:100.69,102.3 1 1
music-room/internal/service/playlist.go:103.2,103.72 1 1
music-room/internal/service/playlist.go:103.72,104.27 1 1
music-room/internal/service/playlist.go:104.27,106.4 1 1
music-room/internal/service/playlist.go:107.3,107.31 1 1
music-room/internal/service/playlist.go:107.31,109.4 1 1
music-room/internal/service/playlist.go:110.3,110.13 1 0
music-room/internal/service/playlist.go:112.2,112.12 1 1
music-room/internal/service/playlist.go:115.118,117.16 2 1
music-room/internal/service/playlist.go:117.16,118.36 1 1
music-room/internal/service/playlist.go:118.36,120.4 1 1
music-room/internal/service/playlist.go:121.3,121.18 1 0
music-room/internal/service/playlist.go:123.2,123.15 1 1
music-room/internal/service/playlist.go:129.123,131.16 2 1
music-room/internal/service/playlist.go:131.16,132.36 1 0
music-room/internal/service/playlist.go:132.36,134.4 1 0
music-room/internal/service/playlist.go:135.3,135.18 1 0
music-room/internal/service/playlist.go:137.2,137.45 1 1
music-room/internal/service/playlist.go:137.45,139.17 2 1
music-room/internal/service/playlist.go:139.17,141.4 1 0
music-room/internal/service/playlist.go:142.3,142.15 1 1
music-room/internal/service/playlist.go:142.15,144.4 1 1
music-room/internal/service/playlist.go:146.2,146.15 1 1
music-room/internal/service/playlist.go:149.146,150.74 1 1
music-room/internal/service/playlist.go:150.74,152.3 1 1
music-room/internal/service/playlist.go:153.2,154.16 2 1
music-room/internal/service/playlist.go:154.16,155.31 1 1
music-room/internal/service/playlist.go:155.31,157.4 1 1
music-room/internal/service/playlist.go:158.3,158.18 1 0
music-room/internal/service/playlist.go:160.2,160.19 1 1
music-room/internal/service/playlist.go:163.107,164.74 1 1
music-room/internal/service/playlist.go:164.74,166.3 1 1
music-room/internal/service/playlist.go:167.2,167.69 1 1
music-room/internal/service/playlist.go:167.69,168.36 1 1
music-room/internal/service/playlist.go:168.36,170.4 1 1
music-room/internal/service/playlist.go:171.3,171.13 1 0
music-room/internal/service/playlist.go:173.2,173.12 1 1
music-room/internal/service/playlist.go:176.117,177.74 1 1
music-room/internal/service/playlist.go:177.74,179.3 1 1
music-room/internal/service/playlist.go:180.2,180.75 1 1
music-room/internal/service/playlist.go:180.75,181.10 1 1
music-room/internal/service/playlist.go:182.38,183.35 1 1
music-room/internal/service/playlist.go:184.57,185.29 1 0
music-room/internal/service/playlist.go:187.3,187.13 1 0
music-room/internal/service/playlist.go:189.2,189.12 1 1
music-room/internal/service/profile.go:22.74,24.2 1 1
music-room/internal/service/profile.go:26.101,28.2 1 1
music-room/internal/service/profile.go:30.114,32.2 1 1
music-room/internal/service/profile.go:34.107,36.2 1 1
music-room/internal/service/profile.go:38.117,40.16 2 1
music-room/internal/service/profile.go:40.16,42.3 1 1
music-room/internal/service/profile.go:43.2,46.16 3 1
music-room/internal/service/profile.go:46.16,48.3 1 1
music-room/internal/service/profile.go:50.2,55.14 2 1
music-room/internal/service/profile.go:55.14,57.3 1 1
music-room/internal/service/profile.go:59.2,59.21 1 1
music-room/internal/service/track.go:39.111,41.2 1 1
music-room/internal/service/track.go:43.135,45.16 2 1
music-room/internal/service/track.go:45.16,46.36 1 1
music-room/internal/service/track.go:46.36,48.4 1 1
music-room/internal/service/track.go:49.3,49.18 1 0
music-room/internal/service/track.go:52.2,52.110 1 1
music-room/internal/service/track.go:52.110,54.3 1 1
music-room/internal/service/track.go:56.2,57.16 2 1
music-room/internal/service/track.go:57.16,58.31 1 1
music-room/internal/service/track.go:58.31,60.4 1 1
music-room/internal/service/track.go:61.3,61.18 1 0
music-room/internal/service/track.go:63.2,63.19 1 1
music-room/internal/service/track.go:66.106,67.77 1 1
music-room/internal/service/track.go:67.77,68.36 1 0
music-room/internal/service/track.go:68.36,70.4 1 0
music-room/internal/service/track.go:71.3,71.18 1 0
music-room/internal/service/track.go:74.2,74.43 1 1
music-room/internal/service/track.go:77.117,79.16 2 1
music-room/internal/service/track.go:79.16,80.36 1 0
music-room/internal/service/track.go:80.36,82.4 1 0
music-room/internal/service/track.go:83.3,83.13 1 0
music-room/internal/service/track.go:86.2,86.68 1 1
music-room/internal/service/track.go:86.68,88.3 1 1
music-room/internal/service/track.go:90.2,90.70 1 1
music-room/internal/service/track.go:90.70,91.36 1 1
music-room/internal/service/track.go:91.36,93.4 1 1
music-room/internal/service/track.go:94.3,94.13 1 0
music-room/internal/service/track.go:97.2,97.65 1 1
music-room/internal/service/track.go:97.65,98.31 1 1
music-room/internal/service/track.go:98.31,100.4 1 1
music-room/internal/service/track.go:101.3,101.13 1 0
music-room/internal/service/track.go:103.2,103.12 1 1
music-room/internal/service/track.go:106.129,107.31 1 1
music-room/internal/service/track.go:107.31,109.3 1 0
music-room/internal/service/track.go:110.2,110.23 1 1
music-room/internal/service/track.go:111.9,113.17 2 1
music-room/internal/service/track.go:113.17,115.4 1 0
music-room/internal/service/track.go:116.3,116.15 1 1
music-room/internal/service/track.go:116.15,118.4 1 1
music-room/internal/service/track.go:119.9,120.39 1 1
music-room/internal/service/track.go:120.39,122.4 1 1
music-room/internal/service/track.go:123.3,123.92 1 1
music-room/internal/service/track.go:123.92,125.4 1 1
music-room/internal/service/track.go:126.3,127.64 2 1
music-room/internal/service/track.go:127.64,129.4 1 1
music-room/internal/service/track.go:131.2,131.12 1 1
music-room/internal/service/track.go:134.101,135.79 1 1
music-room/internal/service/track.go:135.79,136.36 1 1
music-room/internal/service/track.go:136.36,138.4 1 1
music-room/internal/service/track.go:139.3,139.13 1 0
music-room/internal/service/track.go:142.2,142.70 1 1
music-room/internal/service/track.go:142.70,143.36 1 0
music-room/internal/service/track.go:143.36,145.4 1 0
music-room/internal/service/track.go:146.3,146.13 1 0
music-room/internal/service/track.go:149.2,149.41 1 1
music-room/internal/service/track.go:153.58,161.2 5 1
music-room/internal/service/track.go:163.42,166.2 2 1
